
Discarded input sections

 .ARM.attributes
                0x0000000000000000        0x0 build/gpio.o
 .glue_7        0x0000000000000000        0x0 build/gpio.o
 .glue_7t       0x0000000000000000        0x0 build/gpio.o
 .vfp11_veneer  0x0000000000000000        0x0 build/gpio.o
 .v4_bx         0x0000000000000000        0x0 build/gpio.o
 .ARM.attributes
                0x0000000000000000        0x0 build/main.o
 .glue_7        0x0000000000000000        0x0 build/main.o
 .glue_7t       0x0000000000000000        0x0 build/main.o
 .vfp11_veneer  0x0000000000000000        0x0 build/main.o
 .v4_bx         0x0000000000000000        0x0 build/main.o
 .ARM.attributes
                0x0000000000000000        0x0 build/systemWait.o
 .glue_7        0x0000000000000000        0x0 build/systemWait.o
 .glue_7t       0x0000000000000000        0x0 build/systemWait.o
 .vfp11_veneer  0x0000000000000000        0x0 build/systemWait.o
 .v4_bx         0x0000000000000000        0x0 build/systemWait.o

Memory Configuration

Name             Origin             Length             Attributes
*default*        0x0000000000000000 0xffffffffffffffff

Linker script and memory map

LOAD build/gpio.o
LOAD build/main.o
LOAD build/systemWait.o

.init           0x0000000000008000        0x4
 *(.init)
 .init          0x0000000000008000        0x4 build/main.o
                0x0000000000008000                _start

.text           0x0000000000008004      0x124
 *(.text)
 .text          0x0000000000008004       0x98 build/gpio.o
                0x000000000000800c                SetGpioFunction
                0x0000000000008004                GetGpioAddress
                0x000000000000805c                SetGpio
 .text          0x000000000000809c       0x4c build/main.o
 .text          0x00000000000080e8       0x40 build/systemWait.o
                0x00000000000080e8                GetSystemTimerBase
                0x0000000000008100                Wait
                0x00000000000080f0                GetTimeStamp

.rodata
 *(.rodata)

.data           0x0000000000008128        0x4
 *(.data)
 .data          0x0000000000008128        0x0 build/gpio.o
 .data          0x0000000000008128        0x4 build/main.o
 .data          0x000000000000812c        0x0 build/systemWait.o

.bss            0x000000000000812c        0x0
 *(.bss)
 .bss           0x000000000000812c        0x0 build/gpio.o
 .bss           0x000000000000812c        0x0 build/main.o
 .bss           0x000000000000812c        0x0 build/systemWait.o

/DISCARD/
 *(*)
                0x0000000000009000                . = ALIGN (0x1000)
                0x0000000000019000                . = (. + 0x10000)
                0x0000000000019000                stackTop = .
OUTPUT(build/output.elf elf32-littlearm)
