
Discarded input sections

 .ARM.attributes
                0x0000000000000000       0x16 build/mailbox.o
 .ARM.attributes
                0x0000000000000000       0x16 build/gpio.o
 .ARM.attributes
                0x0000000000000000       0x16 build/main.o
 .ARM.attributes
                0x0000000000000000       0x16 build/systemWait.o

Memory Configuration

Name             Origin             Length             Attributes
*default*        0x0000000000000000 0xffffffffffffffff

Linker script and memory map

LOAD build/mailbox.o
LOAD build/gpio.o
LOAD build/main.o
LOAD build/systemWait.o

.init           0x0000000000008000        0x4
 *(.init)
 .init          0x0000000000008000        0x4 build/main.o
                0x0000000000008000                _start

.text           0x0000000000008004      0x198
 *(.text)
 .text          0x0000000000008004       0x74 build/mailbox.o
                0x0000000000008004                GetMailboxBase
                0x000000000000800c                MailboxWrite
                0x000000000000803c                MailboxRead
 .text          0x0000000000008078       0x98 build/gpio.o
                0x0000000000008078                GetGpioAddress
                0x0000000000008080                SetGpioFunction
                0x00000000000080d0                SetGpio
 .text          0x0000000000008110       0x4c build/main.o
 .text          0x000000000000815c       0x40 build/systemWait.o
                0x000000000000815c                GetSystemTimerBase
                0x0000000000008164                GetTimeStamp
                0x0000000000008174                Wait

.rodata
 *(.rodata)

.data           0x000000000000819c        0x4
 *(.data)
 .data          0x000000000000819c        0x0 build/mailbox.o
 .data          0x000000000000819c        0x0 build/gpio.o
 .data          0x000000000000819c        0x4 build/main.o
 .data          0x00000000000081a0        0x0 build/systemWait.o

.bss            0x00000000000081a0        0x0
 *(.bss)
 .bss           0x00000000000081a0        0x0 build/mailbox.o
 .bss           0x00000000000081a0        0x0 build/gpio.o
 .bss           0x00000000000081a0        0x0 build/main.o
 .bss           0x00000000000081a0        0x0 build/systemWait.o

/DISCARD/
 *(*)
                0x0000000000009000                . = ALIGN (0x1000)
                0x0000000000019000                . = (. + 0x10000)
                0x0000000000019000                stackTop = .
OUTPUT(build/output.elf elf32-littlearm)
